Build started 1/18/2025 12:52:30 PM.
     1>Project "C:\dev_code\opengl\trainig\trainig\trainig.vcxproj" on node 2 (Build target(s)).
     1>ClCompile:
         C:\Program Files (x86)\Microsoft Visual Studio 11.0\VC\bin\CL.exe /c /ZI /nologo /W3 /WX- /Od /Oy- /D _MBCS /Gm /EHsc /RTC1 /MDd /GS /fp:precise /Zc:wchar_t /Zc:forScope /Fo"Debug\\" /Fd"Debug\vc110.pdb" /Gd /TP /analyze- /errorReport:prompt main.cpp
         main.cpp
     1>c:\dev_code\opengl\trainig\trainig\main.cpp(173): warning C4305: 'initializing' : truncation from 'double' to 'float'
     1>c:\dev_code\opengl\trainig\trainig\main.cpp(177): warning C4305: 'initializing' : truncation from 'double' to 'float'
     1>c:\dev_code\opengl\trainig\trainig\main.cpp(178): warning C4305: 'initializing' : truncation from 'double' to 'float'
     1>c:\dev_code\opengl\trainig\trainig\main.cpp(330): warning C4305: '=' : truncation from 'double' to 'float'
     1>c:\dev_code\opengl\trainig\trainig\main.cpp(333): warning C4305: '=' : truncation from 'double' to 'float'
     1>c:\dev_code\opengl\trainig\trainig\main.cpp(339): warning C4305: '=' : truncation from 'double' to 'float'
     1>c:\dev_code\opengl\trainig\trainig\main.cpp(342): warning C4305: '=' : truncation from 'double' to 'float'
     1>c:\dev_code\opengl\trainig\trainig\main.cpp(359): warning C4305: '+=' : truncation from 'double' to 'float'
     1>c:\dev_code\opengl\trainig\trainig\main.cpp(370): warning C4305: '-=' : truncation from 'double' to 'float'
       Link:
         C:\Program Files (x86)\Microsoft Visual Studio 11.0\VC\bin\link.exe /ERRORREPORT:PROMPT /OUT:"C:\dev_code\opengl\trainig\Debug\trainig.exe" /INCREMENTAL /NOLOGO GLAUX.lib GLU32.lib glut.lib OPENGL32.lib glut32.lib kernel32.lib user32.lib gdi32.lib winspool.lib comdlg32.lib advapi32.lib shell32.lib ole32.lib oleaut32.lib uuid.lib odbc32.lib odbccp32.lib /MANIFEST /MANIFESTUAC:"level='asInvoker' uiAccess='false'" /manifest:embed /DEBUG /PDB:"C:\dev_code\opengl\trainig\Debug\trainig.pdb" /TLBID:1 /DYNAMICBASE /NXCOMPAT /IMPLIB:"C:\dev_code\opengl\trainig\Debug\trainig.lib" /MACHINE:X86 Debug\background.obj
         Debug\corridor.obj
         Debug\Decore.obj
         Debug\display_library.obj
         Debug\display_rectangular_parallelepiped.obj
         Debug\ElectronicsStore.obj
         Debug\GLTexture.obj
         Debug\main.obj
         Debug\mall.obj
         Debug\mall_lobby.obj
         Debug\Model_3DS.obj
         Debug\point.obj
         Debug\Resturant.obj
         Debug\staircase.obj
         Debug\texture.obj
         trainig.vcxproj -> C:\dev_code\opengl\trainig\Debug\trainig.exe
     1>Done Building Project "C:\dev_code\opengl\trainig\trainig\trainig.vcxproj" (Build target(s)).

Build succeeded.

Time Elapsed 00:00:01.13
